// Jest Snapshot v1, https://goo.gl/fbAQLP

exports[`<Accordion /> renders Accordion 1`] = `
<div>
  <div
    class="cc-accordion"
  >
    <div
      class="cc-accordion-item"
    >
      <h3
        class="cc-accordion-item__title"
      >
        <button
          aria-expanded="false"
          class="cc-accordion__button cc-accordion__button--plus"
          id="accordion-button-0"
          type="button"
        >
          <span
            class="btn__text"
          >
            Sample title
          </span>
          <span
            aria-hidden="true"
            class="icon btn__icon btn__icon--right"
          >
            <svg
              viewBox="0 0 12 12"
            >
              <path
                d="M11.657 1.757L7.414 6l4.243 4.243-1.414 1.414L6 7.414l-4.243 4.243-1.414-1.414L4.586 6 .343 1.757 1.757.343 6 4.586 10.243.343l1.414 1.414z"
                fill="currentColor"
                fill-rule="evenodd"
              />
            </svg>
          </span>
        </button>
      </h3>
      <div
        aria-labelledby="accordion-button-0"
        class="cc-accordion__content"
        hidden=""
      >
        Sample content
      </div>
    </div>
  </div>
</div>
`;
